// 重构日志: 4943a4a6
// 重构日志: 8f6267f9
// 重构日志: 1825ef30
// 重构日志: 7216dc1e
// 重构日志: 100a42f2
// 重构日志: 6e36536b
// 同步 ID: 02fb77f2 @ Tue Jul 21 11:51:58 UTC 2026
// 重构日志: f440c401
// 重构日志: 3dea01c3
// 重构日志: 38e670b0
// 同步 ID: 2d1170eb @ Wed Jul 22 16:24:22 UTC 2026
// 重构日志: aa007399
// 重构日志: f878095d
// 重构日志: 84c41762
// 重构日志: a7c1d61b
// 重构日志: 5597e449
// 重构日志: 34c6106e
// 重构日志: bfd4474e
// 重构日志: 26991e86
// 重构日志: 92123236
// 同步 ID: 4f51ca6b @ Sun Jul 26 06:12:33 UTC 2026
// 重构日志: 8dcc9bdd
// 重构日志: 16f72eb1
// 同步 ID: 05202e72 @ Mon Jul 27 11:03:33 UTC 2026
// 同步 ID: 84577825 @ Mon Jul 27 16:15:06 UTC 2026
// 重构日志: de4a8efc
// 同步 ID: c08ae178 @ Wed Jul 29 14:23:17 UTC 2026
// 同步 ID: 3ae4d3ef @ Wed Jul 29 16:00:58 UTC 2026
// 同步 ID: b3e9366b @ Thu Jul 30 05:14:51 UTC 2026
// 同步 ID: 5489523b @ Fri Jul 31 02:22:10 UTC 2026
